Testing Gemini API...
Fetching available Gemini models...
node : Failed to list 
models: {
At line:1 char:1
+ node 
src/utils/testGemini.js > 
test_output.txt 2>&1
+ ~~~~~~~~~~~~~~~~~~~~~~~~~~
~~~~~~~~~~~~~~~~~~~~~~~~~
    + CategoryInfo          
    : NotSpecified: (Faile  
  d to list models: {:Str   
 ing) [], RemoteExceptio    
n
    + FullyQualifiedErrorId 
    : NativeCommandError
 
  error: {
    code: 403,
    message: 'Your API key 
was reported as leaked. 
Please use another API 
key.',
    status: 
'PERMISSION_DENIED'
  }
}
GEMINI API ERROR 
(gemini-pro): {
  "error": {
    "code": 404,
    "message": 
"models/gemini-pro is not 
found for API version 
v1beta, or is not supported 
for generateContent. Call 
ListModels to see the list 
of available models and 
their supported methods.",
    "status": "NOT_FOUND"
  }
}
GEMINI FETCH ERROR: Error: 
models/gemini-pro is not 
found for API version 
v1beta, or is not supported 
for generateContent. Call 
ListModels to see the list 
of available models and 
their supported methods.
    at 
generateGeminiResponse (file
:///C:/Users/bhumi/OneDrive/
Desktop/New%20folder%20(2)/Q
uickGPT/backend/src/utils/ge
mini.js:76:19)
    at process.processTicksA
ndRejections (node:internal/
process/task_queues:103:5)
    at async testGemini (fil
e:///C:/Users/bhumi/OneDrive
/Desktop/New%20folder%20(2)/
QuickGPT/backend/src/utils/t
estGemini.js:9:26)
Test Failed: 
models/gemini-pro is not 
found for API version 
v1beta, or is not supported 
for generateContent. Call 
ListModels to see the list 
of available models and 
their supported methods.
